2020/05/05 02:21:30 [error] 6#6: *2 open() "/nginx/html/50.htmlfdsaffdsa" failed (2: No such file or directory), client: 113.118.193.46, server: 121.199.58.113, request: "GET /50.htmlfdsaffdsa HTTP/1.1", host: "121.199.58.113"
2020/05/05 02:21:30 [error] 6#6: *2 open() "/nginx/html/50.htmlfdsaffdsa" failed (2: No such file or directory), client: 113.118.193.46, server: 121.199.58.113, request: "GET /50.htmlfdsaffdsa HTTP/1.1", host: "121.199.58.113"
2020/05/05 02:21:33 [error] 6#6: *2 "/nginx/html/index.html" is not found (2: No such file or directory), client: 113.118.193.46, server: 121.199.58.113, request: "GET / HTTP/1.1", host: "121.199.58.113"
2020/05/05 02:21:35 [error] 6#6: *2 "/nginx/html/index.html" is not found (2: No such file or directory), client: 113.118.193.46, server: 121.199.58.113, request: "GET / HTTP/1.1", host: "121.199.58.113"
2020/05/05 02:21:35 [error] 6#6: *2 "/nginx/html/index.html" is not found (2: No such file or directory), client: 113.118.193.46, server: 121.199.58.113, request: "GET / HTTP/1.1", host: "121.199.58.113"
2020/05/05 02:21:35 [error] 6#6: *2 "/nginx/html/index.html" is not found (2: No such file or directory), client: 113.118.193.46, server: 121.199.58.113, request: "GET / HTTP/1.1", host: "121.199.58.113"
2020/05/05 02:21:35 [error] 6#6: *2 "/nginx/html/index.html" is not found (2: No such file or directory), client: 113.118.193.46, server: 121.199.58.113, request: "GET / HTTP/1.1", host: "121.199.58.113"
2020/05/05 02:21:36 [error] 6#6: *2 "/nginx/html/index.html" is not found (2: No such file or directory), client: 113.118.193.46, server: 121.199.58.113, request: "GET / HTTP/1.1", host: "121.199.58.113"
2020/05/05 02:21:36 [error] 6#6: *2 "/nginx/html/index.html" is not found (2: No such file or directory), client: 113.118.193.46, server: 121.199.58.113, request: "GET / HTTP/1.1", host: "121.199.58.113"
2020/05/05 02:21:39 [error] 6#6: *2 "/nginx/html/index.html" is not found (2: No such file or directory), client: 113.118.193.46, server: 121.199.58.113, request: "GET / HTTP/1.1", host: "121.199.58.113"
2020/05/05 05:18:25 [error] 6#6: *1 rewrite or internal redirection cycle while internally redirecting to "/index.html", client: 113.118.193.46, server: 121.199.58.113, request: "GET / HTTP/1.1", host: "121.199.58.113"
2020/05/05 05:18:25 [error] 6#6: *2 rewrite or internal redirection cycle while internally redirecting to "/index.html", client: 113.118.193.46, server: 121.199.58.113, request: "GET /favicon.ico HTTP/1.1", host: "121.199.58.113", referrer: "http://121.199.58.113/"
2020/05/05 05:18:27 [error] 6#6: *3 rewrite or internal redirection cycle while internally redirecting to "/index.html", client: 113.118.193.46, server: 121.199.58.113, request: "GET / HTTP/1.1", host: "121.199.58.113"
2020/05/05 05:18:27 [error] 6#6: *4 rewrite or internal redirection cycle while internally redirecting to "/index.html", client: 113.118.193.46, server: 121.199.58.113, request: "GET /favicon.ico HTTP/1.1", host: "121.199.58.113", referrer: "http://121.199.58.113/"
2020/05/05 05:27:17 [error] 6#6: *2 rewrite or internal redirection cycle while internally redirecting to "/dist/index.html", client: 113.118.193.46, server: 121.199.58.113, request: "GET /dist HTTP/1.1", host: "121.199.58.113"
2020/05/05 05:27:28 [error] 6#6: *1 rewrite or internal redirection cycle while internally redirecting to "/dist/index.html", client: 113.118.193.46, server: 121.199.58.113, request: "GET /fadsf HTTP/1.1", host: "121.199.58.113"
2020/05/05 05:28:05 [error] 6#6: *1 open() "/etc/nginx/htmldist/index.html" failed (2: No such file or directory), client: 113.118.193.46, server: 121.199.58.113, request: "GET /fadsf HTTP/1.1", host: "121.199.58.113"
2020/05/05 05:28:05 [error] 6#6: *1 open() "/etc/nginx/htmldist/index.html" failed (2: No such file or directory), client: 113.118.193.46, server: 121.199.58.113, request: "GET /fadsf HTTP/1.1", host: "121.199.58.113"
2020/05/05 05:44:37 [error] 6#6: *8 open() "/usr/share/nginx/html/favicon.ico" failed (2: No such file or directory), client: 113.118.193.46, server: 121.199.58.113, request: "GET /favicon.ico HTTP/1.1", host: "121.199.58.113", referrer: "http://121.199.58.113/"
2020/05/05 05:50:16 [error] 6#6: *4 open() "/usr/share/nginx/html/js/app.b2d035a2.js" failed (2: No such file or directory), client: 113.118.193.46, server: 121.199.58.113, request: "GET /js/app.b2d035a2.js HTTP/1.1", host: "121.199.58.113"
2020/05/05 05:50:28 [error] 6#6: *6 open() "/usr/share/nginx/html/fafds" failed (2: No such file or directory), client: 113.118.193.46, server: 121.199.58.113, request: "GET /fafds HTTP/1.1", host: "121.199.58.113"
2020/05/05 05:54:54 [error] 6#6: *28 open() "/usr/share/nginx/html/css/chunk-475db94c.18d90c9b.css" failed (2: No such file or directory), client: 113.118.193.46, server: 121.199.58.113, request: "GET /css/chunk-475db94c.18d90c9b.css HTTP/1.1", host: "121.199.58.113", referrer: "http://121.199.58.113/"
2020/05/05 05:54:54 [error] 6#6: *30 open() "/usr/share/nginx/html/js/chunk-475db94c.5f3b8689.js" failed (2: No such file or directory), client: 113.118.193.46, server: 121.199.58.113, request: "GET /js/chunk-475db94c.5f3b8689.js HTTP/1.1", host: "121.199.58.113", referrer: "http://121.199.58.113/"
2020/05/05 05:54:56 [error] 6#6: *28 open() "/usr/share/nginx/html/css/chunk-475db94c.18d90c9b.css" failed (2: No such file or directory), client: 113.118.193.46, server: 121.199.58.113, request: "GET /css/chunk-475db94c.18d90c9b.css HTTP/1.1", host: "121.199.58.113", referrer: "http://121.199.58.113/"
2020/05/05 05:54:56 [error] 6#6: *29 open() "/usr/share/nginx/html/js/chunk-475db94c.5f3b8689.js" failed (2: No such file or directory), client: 113.118.193.46, server: 121.199.58.113, request: "GET /js/chunk-475db94c.5f3b8689.js HTTP/1.1", host: "121.199.58.113", referrer: "http://121.199.58.113/"
2020/05/05 06:49:23 [error] 6#6: *63 open() "/usr/share/nginx/html/hudson" failed (2: No such file or directory), client: 162.243.139.215, server: 121.199.58.113, request: "GET /hudson HTTP/1.1", host: "121.199.58.113"
2020/05/05 07:13:38 [error] 6#6: *67 open() "/usr/share/nginx/html/admin" failed (2: No such file or directory), client: 113.118.193.46, server: 121.199.58.113, request: "GET /admin%E3%80%81 HTTP/1.1", host: "121.199.58.113"
2020/05/05 07:13:40 [error] 6#6: *67 open() "/usr/share/nginx/html/admin" failed (2: No such file or directory), client: 113.118.193.46, server: 121.199.58.113, request: "GET /admin HTTP/1.1", host: "121.199.58.113"
2020/05/05 07:13:46 [error] 6#6: *67 open() "/usr/share/nginx/html/fsafds" failed (2: No such file or directory), client: 113.118.193.46, server: 121.199.58.113, request: "GET /fsafds HTTP/1.1", host: "121.199.58.113"
2020/05/05 07:13:49 [error] 6#6: *67 open() "/usr/share/nginx/html/fsafds" failed (2: No such file or directory), client: 113.118.193.46, server: 121.199.58.113, request: "GET /fsafds HTTP/1.1", host: "121.199.58.113"
2020/05/05 07:13:55 [error] 6#6: *67 open() "/usr/share/nginx/html/login" failed (2: No such file or directory), client: 113.118.193.46, server: 121.199.58.113, request: "GET /login HTTP/1.1", host: "121.199.58.113"
2020/05/05 07:13:59 [error] 6#6: *67 open() "/usr/share/nginx/html/article" failed (2: No such file or directory), client: 113.118.193.46, server: 121.199.58.113, request: "GET /article HTTP/1.1", host: "121.199.58.113"
2020/05/05 07:14:02 [error] 6#6: *67 open() "/usr/share/nginx/html/article" failed (2: No such file or directory), client: 113.118.193.46, server: 121.199.58.113, request: "GET /article HTTP/1.1", host: "121.199.58.113"
2020/05/05 07:14:03 [error] 6#6: *67 open() "/usr/share/nginx/html/article" failed (2: No such file or directory), client: 113.118.193.46, server: 121.199.58.113, request: "GET /article HTTP/1.1", host: "121.199.58.113"
2020/05/05 07:14:03 [error] 6#6: *67 open() "/usr/share/nginx/html/article" failed (2: No such file or directory), client: 113.118.193.46, server: 121.199.58.113, request: "GET /article HTTP/1.1", host: "121.199.58.113"
2020/05/05 07:14:04 [error] 6#6: *67 open() "/usr/share/nginx/html/article" failed (2: No such file or directory), client: 113.118.193.46, server: 121.199.58.113, request: "GET /article HTTP/1.1", host: "121.199.58.113"
2020/05/05 07:14:04 [error] 6#6: *67 open() "/usr/share/nginx/html/article" failed (2: No such file or directory), client: 113.118.193.46, server: 121.199.58.113, request: "GET /article HTTP/1.1", host: "121.199.58.113"
2020/05/05 07:14:04 [error] 6#6: *67 open() "/usr/share/nginx/html/article" failed (2: No such file or directory), client: 113.118.193.46, server: 121.199.58.113, request: "GET /article HTTP/1.1", host: "121.199.58.113"
2020/05/05 07:14:04 [error] 6#6: *67 open() "/usr/share/nginx/html/article" failed (2: No such file or directory), client: 113.118.193.46, server: 121.199.58.113, request: "GET /article HTTP/1.1", host: "121.199.58.113"
2020/05/05 07:14:04 [error] 6#6: *67 open() "/usr/share/nginx/html/article" failed (2: No such file or directory), client: 113.118.193.46, server: 121.199.58.113, request: "GET /article HTTP/1.1", host: "121.199.58.113"
2020/05/05 07:16:26 [error] 6#6: *1 rewrite or internal redirection cycle while internally redirecting to "/index.html", client: 113.118.193.46, server: 121.199.58.113, request: "GET /article/fdsfdsa HTTP/1.1", host: "121.199.58.113"
2020/05/05 07:16:26 [error] 6#6: *2 rewrite or internal redirection cycle while internally redirecting to "/index.html", client: 113.118.193.46, server: 121.199.58.113, request: "GET /favicon.ico HTTP/1.1", host: "121.199.58.113", referrer: "http://121.199.58.113/article/fdsfdsa"
2020/05/05 07:16:26 [error] 6#6: *3 rewrite or internal redirection cycle while internally redirecting to "/index.html", client: 113.118.193.46, server: 121.199.58.113, request: "GET /article/fdsfdsa HTTP/1.1", host: "121.199.58.113"
2020/05/05 07:16:26 [error] 6#6: *4 rewrite or internal redirection cycle while internally redirecting to "/index.html", client: 113.118.193.46, server: 121.199.58.113, request: "GET /favicon.ico HTTP/1.1", host: "121.199.58.113", referrer: "http://121.199.58.113/article/fdsfdsa"
2020/05/05 07:16:26 [error] 6#6: *5 rewrite or internal redirection cycle while internally redirecting to "/index.html", client: 113.118.193.46, server: 121.199.58.113, request: "GET /article/fdsfdsa HTTP/1.1", host: "121.199.58.113"
2020/05/05 07:16:26 [error] 6#6: *6 rewrite or internal redirection cycle while internally redirecting to "/index.html", client: 113.118.193.46, server: 121.199.58.113, request: "GET /favicon.ico HTTP/1.1", host: "121.199.58.113", referrer: "http://121.199.58.113/article/fdsfdsa"
2020/05/05 07:16:27 [error] 6#6: *7 rewrite or internal redirection cycle while internally redirecting to "/index.html", client: 113.118.193.46, server: 121.199.58.113, request: "GET /article/fdsfdsa HTTP/1.1", host: "121.199.58.113"
2020/05/05 07:16:27 [error] 6#6: *8 rewrite or internal redirection cycle while internally redirecting to "/index.html", client: 113.118.193.46, server: 121.199.58.113, request: "GET /favicon.ico HTTP/1.1", host: "121.199.58.113", referrer: "http://121.199.58.113/article/fdsfdsa"
2020/05/12 14:17:07 [emerg] 1#1: unexpected "}" in /etc/nginx/conf.d/default.conf:18
2020/05/12 14:17:36 [emerg] 1#1: unexpected "}" in /etc/nginx/conf.d/default.conf:18
2020/05/12 14:17:45 [emerg] 1#1: unexpected "}" in /etc/nginx/conf.d/default.conf:18
2020/06/02 06:06:14 [warn] 1#1: the "ssl" directive is deprecated, use the "listen ... ssl" directive instead in /etc/nginx/conf.d/default.conf:5
2020/06/02 06:06:14 [emerg] 1#1: cannot load certificate "/etc/nginx/../conf/cert/4000490_arrowfield.top.pem": BIO_new_file() failed (SSL: error:02001002:system library:fopen:No such file or directory:fopen('/etc/nginx/../conf/cert/4000490_arrowfield.top.pem','r') error:2006D080:BIO routines:BIO_new_file:no such file)
2020/06/02 06:11:55 [warn] 1#1: the "ssl" directive is deprecated, use the "listen ... ssl" directive instead in /etc/nginx/conf.d/default.conf:5
2020/06/02 06:11:55 [emerg] 1#1: cannot load certificate "/etc/nginx/../conf/cert/4000490_arrowfield.top.pem": BIO_new_file() failed (SSL: error:02001002:system library:fopen:No such file or directory:fopen('/etc/nginx/../conf/cert/4000490_arrowfield.top.pem','r') error:2006D080:BIO routines:BIO_new_file:no such file)
2020/06/02 06:19:15 [warn] 1#1: the "ssl" directive is deprecated, use the "listen ... ssl" directive instead in /etc/nginx/conf.d/default.conf:5
2020/06/02 06:19:15 [emerg] 1#1: cannot load certificate "/etc/nginx/../conf/cert/4000490_arrowfield.top.pem": BIO_new_file() failed (SSL: error:02001002:system library:fopen:No such file or directory:fopen('/etc/nginx/../conf/cert/4000490_arrowfield.top.pem','r') error:2006D080:BIO routines:BIO_new_file:no such file)
2020/06/02 10:25:27 [warn] 1#1: the "ssl" directive is deprecated, use the "listen ... ssl" directive instead in /etc/nginx/conf.d/default.conf:5
2020/06/02 10:25:27 [emerg] 1#1: cannot load certificate "/etc/nginx/cert/4000490_arrowfield.top.pem": BIO_new_file() failed (SSL: error:02001002:system library:fopen:No such file or directory:fopen('/etc/nginx/cert/4000490_arrowfield.top.pem','r') error:2006D080:BIO routines:BIO_new_file:no such file)
2020/06/02 10:33:37 [error] 6#6: *2 open() "/etc/nginx/html/api/article/get" failed (2: No such file or directory), client: 14.17.22.34, server: arrowfield.top, request: "GET /api/article/get HTTP/1.1", host: "arrowfield.top", referrer: "http://arrowfield.top/"
2020/06/02 10:33:42 [error] 6#6: *5 open() "/etc/nginx/html/api/article/tags/get" failed (2: No such file or directory), client: 14.17.22.34, server: arrowfield.top, request: "GET /api/article/tags/get HTTP/1.1", host: "arrowfield.top", referrer: "http://arrowfield.top/tags"
2020/06/02 10:37:57 [warn] 1#1: the "ssl" directive is deprecated, use the "listen ... ssl" directive instead in /etc/nginx/conf.d/default.conf:5
2020/06/02 10:37:57 [emerg] 1#1: cannot load certificate "/etc/nginx/cert/4000490_arrowfield.top.pem": BIO_new_file() failed (SSL: error:02001002:system library:fopen:No such file or directory:fopen('/etc/nginx/cert/4000490_arrowfield.top.pem','r') error:2006D080:BIO routines:BIO_new_file:no such file)
2020/06/02 10:49:56 [warn] 1#1: the "ssl" directive is deprecated, use the "listen ... ssl" directive instead in /etc/nginx/conf.d/default.conf:5
2020/06/02 10:56:43 [warn] 1#1: the "ssl" directive is deprecated, use the "listen ... ssl" directive instead in /etc/nginx/conf.d/default.conf:5
2020/06/02 10:57:02 [error] 6#6: *4 open() "/etc/nginx/html/api/article/get" failed (2: No such file or directory), client: 14.17.22.34, server: arrowfield.top, request: "GET /api/article/get HTTP/1.1", host: "arrowfield.top", referrer: "http://arrowfield.top/"
2020/06/02 11:03:24 [error] 6#6: *22 open() "/etc/nginx/html/api/article/get" failed (2: No such file or directory), client: 59.37.125.122, server: arrowfield.top, request: "GET /api/article/get HTTP/1.1", host: "arrowfield.top", referrer: "http://arrowfield.top/"
2020/06/02 11:06:20 [error] 6#6: *25 open() "/etc/nginx/html/api" failed (2: No such file or directory), client: 14.17.22.34, server: arrowfield.top, request: "GET /api HTTP/1.1", host: "arrowfield.top"
2020/06/02 11:07:31 [warn] 1#1: the "ssl" directive is deprecated, use the "listen ... ssl" directive instead in /etc/nginx/conf.d/default.conf:5
2020/06/02 11:07:45 [error] 6#6: *1 SSL_do_handshake() failed (SSL: error:1408F10B:SSL routines:ssl3_get_record:wrong version number) while SSL handshaking to upstream, client: 14.17.22.34, server: arrowfield.top, request: "GET /api HTTP/1.1", upstream: "https://121.199.58.113:8080/api", host: "arrowfield.top"
2020/06/02 11:07:45 [error] 6#6: *1 SSL_do_handshake() failed (SSL: error:1408F10B:SSL routines:ssl3_get_record:wrong version number) while SSL handshaking to upstream, client: 14.17.22.34, server: arrowfield.top, request: "GET /api HTTP/1.1", upstream: "https://121.199.58.113:8080/api", host: "arrowfield.top"
2020/06/02 11:07:46 [error] 6#6: *1 SSL_do_handshake() failed (SSL: error:1408F10B:SSL routines:ssl3_get_record:wrong version number) while SSL handshaking to upstream, client: 14.17.22.34, server: arrowfield.top, request: "GET /api HTTP/1.1", upstream: "https://121.199.58.113:8080/api", host: "arrowfield.top"
2020/06/02 11:07:57 [error] 6#6: *1 SSL_do_handshake() failed (SSL: error:1408F10B:SSL routines:ssl3_get_record:wrong version number) while SSL handshaking to upstream, client: 14.17.22.34, server: arrowfield.top, request: "GET /api/article/get HTTP/1.1", upstream: "https://121.199.58.113:8080/api/article/get", host: "arrowfield.top"
2020/06/02 11:08:05 [error] 6#6: *1 SSL_do_handshake() failed (SSL: error:1408F10B:SSL routines:ssl3_get_record:wrong version number) while SSL handshaking to upstream, client: 14.17.22.34, server: arrowfield.top, request: "GET /api/article/get HTTP/1.1", upstream: "https://121.199.58.113:8080/api/article/get", host: "arrowfield.top"
2020/06/02 11:08:06 [error] 6#6: *1 SSL_do_handshake() failed (SSL: error:1408F10B:SSL routines:ssl3_get_record:wrong version number) while SSL handshaking to upstream, client: 14.17.22.34, server: arrowfield.top, request: "GET /api/article/get HTTP/1.1", upstream: "https://121.199.58.113:8080/api/article/get", host: "arrowfield.top"
2020/06/02 11:08:07 [error] 6#6: *1 SSL_do_handshake() failed (SSL: error:1408F10B:SSL routines:ssl3_get_record:wrong version number) while SSL handshaking to upstream, client: 14.17.22.34, server: arrowfield.top, request: "GET /api/article/get HTTP/1.1", upstream: "https://121.199.58.113:8080/api/article/get", host: "arrowfield.top"
2020/06/02 11:08:09 [error] 6#6: *1 SSL_do_handshake() failed (SSL: error:1408F10B:SSL routines:ssl3_get_record:wrong version number) while SSL handshaking to upstream, client: 14.17.22.34, server: arrowfield.top, request: "GET /api/article/get HTTP/1.1", upstream: "https://121.199.58.113:8080/api/article/get", host: "arrowfield.top"
2020/06/02 11:08:10 [error] 6#6: *1 SSL_do_handshake() failed (SSL: error:1408F10B:SSL routines:ssl3_get_record:wrong version number) while SSL handshaking to upstream, client: 14.17.22.34, server: arrowfield.top, request: "GET /api/article/get HTTP/1.1", upstream: "https://121.199.58.113:8080/api/article/get", host: "arrowfield.top"
2020/06/02 11:08:10 [error] 6#6: *1 SSL_do_handshake() failed (SSL: error:1408F10B:SSL routines:ssl3_get_record:wrong version number) while SSL handshaking to upstream, client: 14.17.22.34, server: arrowfield.top, request: "GET /api/article/get HTTP/1.1", upstream: "https://121.199.58.113:8080/api/article/get", host: "arrowfield.top"
2020/06/02 11:08:10 [error] 6#6: *1 SSL_do_handshake() failed (SSL: error:1408F10B:SSL routines:ssl3_get_record:wrong version number) while SSL handshaking to upstream, client: 14.17.22.34, server: arrowfield.top, request: "GET /api/article/get HTTP/1.1", upstream: "https://121.199.58.113:8080/api/article/get", host: "arrowfield.top"
2020/06/02 11:08:11 [error] 6#6: *1 SSL_do_handshake() failed (SSL: error:1408F10B:SSL routines:ssl3_get_record:wrong version number) while SSL handshaking to upstream, client: 14.17.22.34, server: arrowfield.top, request: "GET /api/article/get HTTP/1.1", upstream: "https://121.199.58.113:8080/api/article/get", host: "arrowfield.top"
2020/06/02 11:08:13 [error] 6#6: *1 SSL_do_handshake() failed (SSL: error:1408F10B:SSL routines:ssl3_get_record:wrong version number) while SSL handshaking to upstream, client: 14.17.22.34, server: arrowfield.top, request: "GET /api HTTP/1.1", upstream: "https://121.199.58.113:8080/api", host: "arrowfield.top"
2020/06/02 11:08:14 [error] 6#6: *1 SSL_do_handshake() failed (SSL: error:1408F10B:SSL routines:ssl3_get_record:wrong version number) while SSL handshaking to upstream, client: 14.17.22.34, server: arrowfield.top, request: "GET /api HTTP/1.1", upstream: "https://121.199.58.113:8080/api", host: "arrowfield.top"
2020/06/02 11:08:17 [error] 6#6: *1 SSL_do_handshake() failed (SSL: error:1408F10B:SSL routines:ssl3_get_record:wrong version number) while SSL handshaking to upstream, client: 14.17.22.34, server: arrowfield.top, request: "GET /api HTTP/1.1", upstream: "https://121.199.58.113:8080/api", host: "arrowfield.top"
2020/06/02 11:08:26 [error] 6#6: *1 SSL_do_handshake() failed (SSL: error:1408F10B:SSL routines:ssl3_get_record:wrong version number) while SSL handshaking to upstream, client: 14.17.22.34, server: arrowfield.top, request: "GET /api HTTP/1.1", upstream: "https://121.199.58.113:8080/api", host: "arrowfield.top"
2020/06/02 11:08:27 [error] 6#6: *1 SSL_do_handshake() failed (SSL: error:1408F10B:SSL routines:ssl3_get_record:wrong version number) while SSL handshaking to upstream, client: 14.17.22.34, server: arrowfield.top, request: "GET /api HTTP/1.1", upstream: "https://121.199.58.113:8080/api", host: "arrowfield.top"
2020/06/02 11:08:27 [error] 6#6: *1 SSL_do_handshake() failed (SSL: error:1408F10B:SSL routines:ssl3_get_record:wrong version number) while SSL handshaking to upstream, client: 14.17.22.34, server: arrowfield.top, request: "GET /api HTTP/1.1", upstream: "https://121.199.58.113:8080/api", host: "arrowfield.top"
2020/06/02 11:08:27 [error] 6#6: *1 SSL_do_handshake() failed (SSL: error:1408F10B:SSL routines:ssl3_get_record:wrong version number) while SSL handshaking to upstream, client: 14.17.22.34, server: arrowfield.top, request: "GET /api HTTP/1.1", upstream: "https://121.199.58.113:8080/api", host: "arrowfield.top"
2020/06/02 11:09:31 [warn] 1#1: the "ssl" directive is deprecated, use the "listen ... ssl" directive instead in /etc/nginx/conf.d/default.conf:5
2020/06/02 11:23:13 [warn] 1#1: the "ssl" directive is deprecated, use the "listen ... ssl" directive instead in /etc/nginx/conf.d/default.conf:5
2020/06/02 11:33:16 [warn] 1#1: the "ssl" directive is deprecated, use the "listen ... ssl" directive instead in /etc/nginx/conf.d/default.conf:5
2020/06/02 11:33:23 [error] 6#6: *3 access forbidden by rule, client: 14.17.22.34, server: arrowfield.top, request: "GET /api/ HTTP/1.1", host: "121.199.58.113"
2020/06/02 11:33:23 [error] 6#6: *3 access forbidden by rule, client: 14.17.22.34, server: arrowfield.top, request: "GET /favicon.ico HTTP/1.1", host: "121.199.58.113", referrer: "https://121.199.58.113/api/"
2020/06/02 11:33:25 [error] 6#6: *4 access forbidden by rule, client: 14.17.22.34, server: arrowfield.top, request: "GET /api/article/tags/get HTTP/1.1", host: "arrowfield.top"
2020/06/02 11:33:25 [error] 6#6: *4 access forbidden by rule, client: 14.17.22.34, server: arrowfield.top, request: "GET /favicon.ico HTTP/1.1", host: "arrowfield.top", referrer: "https://arrowfield.top/api/article/tags/get"
2020/06/02 11:33:26 [error] 6#6: *4 access forbidden by rule, client: 14.17.22.34, server: arrowfield.top, request: "GET /api/article/get HTTP/1.1", host: "arrowfield.top"
2020/06/02 11:33:26 [error] 6#6: *4 access forbidden by rule, client: 14.17.22.34, server: arrowfield.top, request: "GET /favicon.ico HTTP/1.1", host: "arrowfield.top", referrer: "https://arrowfield.top/api/article/get"
2020/06/02 11:33:27 [error] 6#6: *4 access forbidden by rule, client: 14.17.22.34, server: arrowfield.top, request: "GET / HTTP/1.1", host: "arrowfield.top"
2020/06/02 11:33:27 [error] 6#6: *4 access forbidden by rule, client: 14.17.22.34, server: arrowfield.top, request: "GET /favicon.ico HTTP/1.1", host: "arrowfield.top", referrer: "https://arrowfield.top/"
2020/06/02 11:33:28 [error] 6#6: *4 access forbidden by rule, client: 14.17.22.34, server: arrowfield.top, request: "GET / HTTP/1.1", host: "arrowfield.top"
2020/06/02 11:33:28 [error] 6#6: *4 access forbidden by rule, client: 14.17.22.34, server: arrowfield.top, request: "GET /favicon.ico HTTP/1.1", host: "arrowfield.top", referrer: "https://arrowfield.top/"
2020/06/02 11:33:28 [error] 6#6: *4 access forbidden by rule, client: 14.17.22.34, server: arrowfield.top, request: "GET / HTTP/1.1", host: "arrowfield.top"
2020/06/02 11:33:28 [error] 6#6: *4 access forbidden by rule, client: 14.17.22.34, server: arrowfield.top, request: "GET /favicon.ico HTTP/1.1", host: "arrowfield.top", referrer: "https://arrowfield.top/"
2020/06/02 11:33:28 [error] 6#6: *4 access forbidden by rule, client: 14.17.22.34, server: arrowfield.top, request: "GET / HTTP/1.1", host: "arrowfield.top"
2020/06/02 11:33:29 [error] 6#6: *4 access forbidden by rule, client: 14.17.22.34, server: arrowfield.top, request: "GET /favicon.ico HTTP/1.1", host: "arrowfield.top", referrer: "https://arrowfield.top/"
2020/06/02 11:33:29 [error] 6#6: *4 access forbidden by rule, client: 14.17.22.34, server: arrowfield.top, request: "GET / HTTP/1.1", host: "arrowfield.top"
2020/06/02 11:33:29 [error] 6#6: *4 access forbidden by rule, client: 14.17.22.34, server: arrowfield.top, request: "GET /favicon.ico HTTP/1.1", host: "arrowfield.top", referrer: "https://arrowfield.top/"
2020/06/02 11:33:29 [error] 6#6: *4 access forbidden by rule, client: 14.17.22.34, server: arrowfield.top, request: "GET / HTTP/1.1", host: "arrowfield.top"
2020/06/02 11:33:29 [error] 6#6: *4 access forbidden by rule, client: 14.17.22.34, server: arrowfield.top, request: "GET /favicon.ico HTTP/1.1", host: "arrowfield.top", referrer: "https://arrowfield.top/"
2020/06/02 11:33:29 [error] 6#6: *4 access forbidden by rule, client: 14.17.22.34, server: arrowfield.top, request: "GET / HTTP/1.1", host: "arrowfield.top"
2020/06/02 11:33:29 [error] 6#6: *4 access forbidden by rule, client: 14.17.22.34, server: arrowfield.top, request: "GET /favicon.ico HTTP/1.1", host: "arrowfield.top", referrer: "https://arrowfield.top/"
2020/06/02 11:33:30 [error] 6#6: *4 access forbidden by rule, client: 14.17.22.34, server: arrowfield.top, request: "GET / HTTP/1.1", host: "arrowfield.top"
2020/06/02 11:33:30 [error] 6#6: *4 access forbidden by rule, client: 14.17.22.34, server: arrowfield.top, request: "GET /favicon.ico HTTP/1.1", host: "arrowfield.top", referrer: "https://arrowfield.top/"
2020/06/02 11:33:31 [error] 6#6: *4 access forbidden by rule, client: 14.17.22.34, server: arrowfield.top, request: "GET / HTTP/1.1", host: "arrowfield.top"
2020/06/02 11:33:31 [error] 6#6: *4 access forbidden by rule, client: 14.17.22.34, server: arrowfield.top, request: "GET /favicon.ico HTTP/1.1", host: "arrowfield.top", referrer: "https://arrowfield.top/"
2020/06/02 11:35:37 [warn] 1#1: the "ssl" directive is deprecated, use the "listen ... ssl" directive instead in /etc/nginx/conf.d/default.conf:5
2020/06/02 11:40:22 [warn] 1#1: the "ssl" directive is deprecated, use the "listen ... ssl" directive instead in /etc/nginx/conf.d/default.conf:5
2020/06/02 11:43:19 [warn] 1#1: the "ssl" directive is deprecated, use the "listen ... ssl" directive instead in /etc/nginx/conf.d/default.conf:5
2020/06/02 12:35:44 [warn] 1#1: the "ssl" directive is deprecated, use the "listen ... ssl" directive instead in /etc/nginx/conf.d/default.conf:5
